<?xml version="1.0" encoding="UTF-8" standalone="no"?>
<!DOCTYPE log SYSTEM "logger.dtd">
<log>
<record>
  <date>2024-03-20T12:43:03.779311500Z</date>
  <millis>1710938583779</millis>
  <nanos>311500</nanos>
  <sequence>0</sequence>
  <logger>requests</logger>
  <level>INFO</level>
  <class>TCP.TCPSunucu$Handler</class>
  <method>run</method>
  <thread>17</thread>
  <message>Baglantinin adresi /[0:0:0:0:0:0:0:1]:62675</message>
</record>
<record>
  <date>2024-03-20T12:43:03.797915700Z</date>
  <millis>1710938583797</millis>
  <nanos>915700</nanos>
  <sequence>1</sequence>
  <logger>requests</logger>
  <level>INFO</level>
  <class>TCP.TCPSunucu$Handler</class>
  <method>run</method>
  <thread>19</thread>
  <message>Baglantinin adresi /[0:0:0:0:0:0:0:1]:62676</message>
</record>
<record>
  <date>2024-03-20T12:43:03.838908600Z</date>
  <millis>1710938583838</millis>
  <nanos>908600</nanos>
  <sequence>2</sequence>
  <logger>requests</logger>
  <level>INFO</level>
  <class>TCP.TCPSunucu$Handler</class>
  <method>run</method>
  <thread>17</thread>
  <message>İstemcinin verisi: GET / HTTP/1.1</message>
</record>
<record>
  <date>2024-03-20T12:43:03.839835700Z</date>
  <millis>1710938583839</millis>
  <nanos>835700</nanos>
  <sequence>3</sequence>
  <logger>requests</logger>
  <level>INFO</level>
  <class>TCP.TCPSunucu$Handler</class>
  <method>run</method>
  <thread>17</thread>
  <message>İstemcinin verisi: Host: localhost:8080</message>
</record>
<record>
  <date>2024-03-20T12:43:03.840836200Z</date>
  <millis>1710938583840</millis>
  <nanos>836200</nanos>
  <sequence>4</sequence>
  <logger>requests</logger>
  <level>INFO</level>
  <class>TCP.TCPSunucu$Handler</class>
  <method>run</method>
  <thread>17</thread>
  <message>İstemcinin verisi: Connection: keep-alive</message>
</record>
<record>
  <date>2024-03-20T12:43:03.840836200Z</date>
  <millis>1710938583840</millis>
  <nanos>836200</nanos>
  <sequence>5</sequence>
  <logger>requests</logger>
  <level>INFO</level>
  <class>TCP.TCPSunucu$Handler</class>
  <method>run</method>
  <thread>17</thread>
  <message>İstemcinin verisi: sec-ch-ua: "Not A(Brand";v="99", "Opera GX";v="107", "Chromium";v="121"</message>
</record>
<record>
  <date>2024-03-20T12:43:03.841835400Z</date>
  <millis>1710938583841</millis>
  <nanos>835400</nanos>
  <sequence>6</sequence>
  <logger>requests</logger>
  <level>INFO</level>
  <class>TCP.TCPSunucu$Handler</class>
  <method>run</method>
  <thread>17</thread>
  <message>İstemcinin verisi: sec-ch-ua-mobile: ?0</message>
</record>
<record>
  <date>2024-03-20T12:43:03.843247500Z</date>
  <millis>1710938583843</millis>
  <nanos>247500</nanos>
  <sequence>7</sequence>
  <logger>requests</logger>
  <level>INFO</level>
  <class>TCP.TCPSunucu$Handler</class>
  <method>run</method>
  <thread>17</thread>
  <message>İstemcinin verisi: sec-ch-ua-platform: "Windows"</message>
</record>
<record>
  <date>2024-03-20T12:43:03.844322300Z</date>
  <millis>1710938583844</millis>
  <nanos>322300</nanos>
  <sequence>8</sequence>
  <logger>requests</logger>
  <level>INFO</level>
  <class>TCP.TCPSunucu$Handler</class>
  <method>run</method>
  <thread>17</thread>
  <message>İstemcinin verisi: Upgrade-Insecure-Requests: 1</message>
</record>
<record>
  <date>2024-03-20T12:43:03.848884400Z</date>
  <millis>1710938583848</millis>
  <nanos>884400</nanos>
  <sequence>9</sequence>
  <logger>requests</logger>
  <level>INFO</level>
  <class>TCP.TCPSunucu$Handler</class>
  <method>run</method>
  <thread>17</thread>
  <message>İstemcinin verisi: User-Agent: Mozilla/5.0 (Windows NT 10.0; Win64; x64) AppleWebKit/537.36 (KHTML, like Gecko) Chrome/121.0.0.0 Safari/537.36 OPR/107.0.0.0</message>
</record>
<record>
  <date>2024-03-20T12:43:03.849892300Z</date>
  <millis>1710938583849</millis>
  <nanos>892300</nanos>
  <sequence>10</sequence>
  <logger>requests</logger>
  <level>INFO</level>
  <class>TCP.TCPSunucu$Handler</class>
  <method>run</method>
  <thread>17</thread>
  <message>İstemcinin verisi: Accept: text/html,application/xhtml+xml,application/xml;q=0.9,image/avif,image/webp,image/apng,*/*;q=0.8,application/signed-exchange;v=b3;q=0.7</message>
</record>
<record>
  <date>2024-03-20T12:43:03.850901Z</date>
  <millis>1710938583850</millis>
  <nanos>901000</nanos>
  <sequence>11</sequence>
  <logger>requests</logger>
  <level>INFO</level>
  <class>TCP.TCPSunucu$Handler</class>
  <method>run</method>
  <thread>17</thread>
  <message>İstemcinin verisi: Sec-Fetch-Site: none</message>
</record>
<record>
  <date>2024-03-20T12:43:03.851901700Z</date>
  <millis>1710938583851</millis>
  <nanos>901700</nanos>
  <sequence>12</sequence>
  <logger>requests</logger>
  <level>INFO</level>
  <class>TCP.TCPSunucu$Handler</class>
  <method>run</method>
  <thread>17</thread>
  <message>İstemcinin verisi: Sec-Fetch-Mode: navigate</message>
</record>
<record>
  <date>2024-03-20T12:43:03.852900900Z</date>
  <millis>1710938583852</millis>
  <nanos>900900</nanos>
  <sequence>13</sequence>
  <logger>requests</logger>
  <level>INFO</level>
  <class>TCP.TCPSunucu$Handler</class>
  <method>run</method>
  <thread>17</thread>
  <message>İstemcinin verisi: Sec-Fetch-User: ?1</message>
</record>
<record>
  <date>2024-03-20T12:43:03.853903Z</date>
  <millis>1710938583853</millis>
  <nanos>903000</nanos>
  <sequence>14</sequence>
  <logger>requests</logger>
  <level>INFO</level>
  <class>TCP.TCPSunucu$Handler</class>
  <method>run</method>
  <thread>17</thread>
  <message>İstemcinin verisi: Sec-Fetch-Dest: document</message>
</record>
<record>
  <date>2024-03-20T12:43:03.853903Z</date>
  <millis>1710938583853</millis>
  <nanos>903000</nanos>
  <sequence>15</sequence>
  <logger>requests</logger>
  <level>INFO</level>
  <class>TCP.TCPSunucu$Handler</class>
  <method>run</method>
  <thread>17</thread>
  <message>İstemcinin verisi: Accept-Encoding: gzip, deflate, br</message>
</record>
<record>
  <date>2024-03-20T12:43:03.854900100Z</date>
  <millis>1710938583854</millis>
  <nanos>900100</nanos>
  <sequence>16</sequence>
  <logger>requests</logger>
  <level>INFO</level>
  <class>TCP.TCPSunucu$Handler</class>
  <method>run</method>
  <thread>17</thread>
  <message>İstemcinin verisi: Accept-Language: tr-TR,tr;q=0.9,en-US;q=0.8,en;q=0.7</message>
</record>
<record>
  <date>2024-03-20T12:43:03.854900100Z</date>
  <millis>1710938583854</millis>
  <nanos>900100</nanos>
  <sequence>17</sequence>
  <logger>requests</logger>
  <level>INFO</level>
  <class>TCP.TCPSunucu$Handler</class>
  <method>run</method>
  <thread>17</thread>
  <message>İstemcinin verisi: If-None-Match: W/"75d-QGYWl5lZcARQutpwu+d/Eb1+HNs"</message>
</record>
<record>
  <date>2024-03-20T12:43:03.855899500Z</date>
  <millis>1710938583855</millis>
  <nanos>899500</nanos>
  <sequence>18</sequence>
  <logger>requests</logger>
  <level>INFO</level>
  <class>TCP.TCPSunucu$Handler</class>
  <method>run</method>
  <thread>17</thread>
  <message>İstemcinin verisi: </message>
</record>
<record>
  <date>2024-03-20T12:43:04.886812500Z</date>
  <millis>1710938584886</millis>
  <nanos>812500</nanos>
  <sequence>19</sequence>
  <logger>requests</logger>
  <level>INFO</level>
  <class>TCP.TCPSunucu$Handler</class>
  <method>run</method>
  <thread>19</thread>
  <message>İstemcinin verisi: GET / HTTP/1.1</message>
</record>
<record>
  <date>2024-03-20T12:43:04.886812500Z</date>
  <millis>1710938584886</millis>
  <nanos>812500</nanos>
  <sequence>20</sequence>
  <logger>requests</logger>
  <level>INFO</level>
  <class>TCP.TCPSunucu$Handler</class>
  <method>run</method>
  <thread>17</thread>
  <message>Baglantinin adresi /[0:0:0:0:0:0:0:1]:62678</message>
</record>
<record>
  <date>2024-03-20T12:43:04.887996300Z</date>
  <millis>1710938584887</millis>
  <nanos>996300</nanos>
  <sequence>21</sequence>
  <logger>requests</logger>
  <level>INFO</level>
  <class>TCP.TCPSunucu$Handler</class>
  <method>run</method>
  <thread>19</thread>
  <message>İstemcinin verisi: Host: localhost:8080</message>
</record>
<record>
  <date>2024-03-20T12:43:04.889510100Z</date>
  <millis>1710938584889</millis>
  <nanos>510100</nanos>
  <sequence>22</sequence>
  <logger>requests</logger>
  <level>INFO</level>
  <class>TCP.TCPSunucu$Handler</class>
  <method>run</method>
  <thread>19</thread>
  <message>İstemcinin verisi: Connection: keep-alive</message>
</record>
<record>
  <date>2024-03-20T12:43:04.890781400Z</date>
  <millis>1710938584890</millis>
  <nanos>781400</nanos>
  <sequence>23</sequence>
  <logger>requests</logger>
  <level>INFO</level>
  <class>TCP.TCPSunucu$Handler</class>
  <method>run</method>
  <thread>19</thread>
  <message>İstemcinin verisi: Cache-Control: max-age=0</message>
</record>
<record>
  <date>2024-03-20T12:43:04.891287700Z</date>
  <millis>1710938584891</millis>
  <nanos>287700</nanos>
  <sequence>24</sequence>
  <logger>requests</logger>
  <level>INFO</level>
  <class>TCP.TCPSunucu$Handler</class>
  <method>run</method>
  <thread>19</thread>
  <message>İstemcinin verisi: sec-ch-ua: "Not A(Brand";v="99", "Opera GX";v="107", "Chromium";v="121"</message>
</record>
<record>
  <date>2024-03-20T12:43:04.892298700Z</date>
  <millis>1710938584892</millis>
  <nanos>298700</nanos>
  <sequence>25</sequence>
  <logger>requests</logger>
  <level>INFO</level>
  <class>TCP.TCPSunucu$Handler</class>
  <method>run</method>
  <thread>19</thread>
  <message>İstemcinin verisi: sec-ch-ua-mobile: ?0</message>
</record>
<record>
  <date>2024-03-20T12:43:04.893298900Z</date>
  <millis>1710938584893</millis>
  <nanos>298900</nanos>
  <sequence>26</sequence>
  <logger>requests</logger>
  <level>INFO</level>
  <class>TCP.TCPSunucu$Handler</class>
  <method>run</method>
  <thread>19</thread>
  <message>İstemcinin verisi: sec-ch-ua-platform: "Windows"</message>
</record>
<record>
  <date>2024-03-20T12:43:04.893298900Z</date>
  <millis>1710938584893</millis>
  <nanos>298900</nanos>
  <sequence>27</sequence>
  <logger>requests</logger>
  <level>INFO</level>
  <class>TCP.TCPSunucu$Handler</class>
  <method>run</method>
  <thread>19</thread>
  <message>İstemcinin verisi: Upgrade-Insecure-Requests: 1</message>
</record>
<record>
  <date>2024-03-20T12:43:04.894298400Z</date>
  <millis>1710938584894</millis>
  <nanos>298400</nanos>
  <sequence>28</sequence>
  <logger>requests</logger>
  <level>INFO</level>
  <class>TCP.TCPSunucu$Handler</class>
  <method>run</method>
  <thread>19</thread>
  <message>İstemcinin verisi: User-Agent: Mozilla/5.0 (Windows NT 10.0; Win64; x64) AppleWebKit/537.36 (KHTML, like Gecko) Chrome/121.0.0.0 Safari/537.36 OPR/107.0.0.0</message>
</record>
<record>
  <date>2024-03-20T12:43:04.895297Z</date>
  <millis>1710938584895</millis>
  <nanos>297000</nanos>
  <sequence>29</sequence>
  <logger>requests</logger>
  <level>INFO</level>
  <class>TCP.TCPSunucu$Handler</class>
  <method>run</method>
  <thread>19</thread>
  <message>İstemcinin verisi: Accept: text/html,application/xhtml+xml,application/xml;q=0.9,image/avif,image/webp,image/apng,*/*;q=0.8,application/signed-exchange;v=b3;q=0.7</message>
</record>
<record>
  <date>2024-03-20T12:43:04.895297Z</date>
  <millis>1710938584895</millis>
  <nanos>297000</nanos>
  <sequence>30</sequence>
  <logger>requests</logger>
  <level>INFO</level>
  <class>TCP.TCPSunucu$Handler</class>
  <method>run</method>
  <thread>19</thread>
  <message>İstemcinin verisi: Sec-Fetch-Site: none</message>
</record>
<record>
  <date>2024-03-20T12:43:04.896299600Z</date>
  <millis>1710938584896</millis>
  <nanos>299600</nanos>
  <sequence>31</sequence>
  <logger>requests</logger>
  <level>INFO</level>
  <class>TCP.TCPSunucu$Handler</class>
  <method>run</method>
  <thread>19</thread>
  <message>İstemcinin verisi: Sec-Fetch-Mode: navigate</message>
</record>
<record>
  <date>2024-03-20T12:43:04.896299600Z</date>
  <millis>1710938584896</millis>
  <nanos>299600</nanos>
  <sequence>32</sequence>
  <logger>requests</logger>
  <level>INFO</level>
  <class>TCP.TCPSunucu$Handler</class>
  <method>run</method>
  <thread>19</thread>
  <message>İstemcinin verisi: Sec-Fetch-User: ?1</message>
</record>
<record>
  <date>2024-03-20T12:43:04.897301200Z</date>
  <millis>1710938584897</millis>
  <nanos>301200</nanos>
  <sequence>33</sequence>
  <logger>requests</logger>
  <level>INFO</level>
  <class>TCP.TCPSunucu$Handler</class>
  <method>run</method>
  <thread>19</thread>
  <message>İstemcinin verisi: Sec-Fetch-Dest: document</message>
</record>
<record>
  <date>2024-03-20T12:43:04.897301200Z</date>
  <millis>1710938584897</millis>
  <nanos>301200</nanos>
  <sequence>34</sequence>
  <logger>requests</logger>
  <level>INFO</level>
  <class>TCP.TCPSunucu$Handler</class>
  <method>run</method>
  <thread>19</thread>
  <message>İstemcinin verisi: Accept-Encoding: gzip, deflate, br</message>
</record>
<record>
  <date>2024-03-20T12:43:04.898812400Z</date>
  <millis>1710938584898</millis>
  <nanos>812400</nanos>
  <sequence>35</sequence>
  <logger>requests</logger>
  <level>INFO</level>
  <class>TCP.TCPSunucu$Handler</class>
  <method>run</method>
  <thread>19</thread>
  <message>İstemcinin verisi: Accept-Language: tr-TR,tr;q=0.9,en-US;q=0.8,en;q=0.7</message>
</record>
<record>
  <date>2024-03-20T12:43:04.898812400Z</date>
  <millis>1710938584898</millis>
  <nanos>812400</nanos>
  <sequence>36</sequence>
  <logger>requests</logger>
  <level>INFO</level>
  <class>TCP.TCPSunucu$Handler</class>
  <method>run</method>
  <thread>19</thread>
  <message>İstemcinin verisi: If-None-Match: W/"75d-QGYWl5lZcARQutpwu+d/Eb1+HNs"</message>
</record>
<record>
  <date>2024-03-20T12:43:04.899823400Z</date>
  <millis>1710938584899</millis>
  <nanos>823400</nanos>
  <sequence>37</sequence>
  <logger>requests</logger>
  <level>INFO</level>
  <class>TCP.TCPSunucu$Handler</class>
  <method>run</method>
  <thread>19</thread>
  <message>İstemcinin verisi: </message>
</record>
<record>
  <date>2024-03-20T12:43:09.905653900Z</date>
  <millis>1710938589905</millis>
  <nanos>653900</nanos>
  <sequence>38</sequence>
  <logger>requests</logger>
  <level>INFO</level>
  <class>TCP.TCPSunucu$Handler</class>
  <method>run</method>
  <thread>17</thread>
  <message>İstemcinin verisi: GET / HTTP/1.1</message>
</record>
<record>
  <date>2024-03-20T12:43:09.906650900Z</date>
  <millis>1710938589906</millis>
  <nanos>650900</nanos>
  <sequence>39</sequence>
  <logger>requests</logger>
  <level>INFO</level>
  <class>TCP.TCPSunucu$Handler</class>
  <method>run</method>
  <thread>19</thread>
  <message>Baglantinin adresi /[0:0:0:0:0:0:0:1]:62689</message>
</record>
<record>
  <date>2024-03-20T12:43:09.906650900Z</date>
  <millis>1710938589906</millis>
  <nanos>650900</nanos>
  <sequence>40</sequence>
  <logger>requests</logger>
  <level>INFO</level>
  <class>TCP.TCPSunucu$Handler</class>
  <method>run</method>
  <thread>17</thread>
  <message>İstemcinin verisi: Host: localhost:8080</message>
</record>
<record>
  <date>2024-03-20T12:43:09.907655100Z</date>
  <millis>1710938589907</millis>
  <nanos>655100</nanos>
  <sequence>41</sequence>
  <logger>requests</logger>
  <level>INFO</level>
  <class>TCP.TCPSunucu$Handler</class>
  <method>run</method>
  <thread>17</thread>
  <message>İstemcinin verisi: Connection: keep-alive</message>
</record>
<record>
  <date>2024-03-20T12:43:09.908650800Z</date>
  <millis>1710938589908</millis>
  <nanos>650800</nanos>
  <sequence>42</sequence>
  <logger>requests</logger>
  <level>INFO</level>
  <class>TCP.TCPSunucu$Handler</class>
  <method>run</method>
  <thread>17</thread>
  <message>İstemcinin verisi: Cache-Control: max-age=0</message>
</record>
<record>
  <date>2024-03-20T12:43:09.909700900Z</date>
  <millis>1710938589909</millis>
  <nanos>700900</nanos>
  <sequence>43</sequence>
  <logger>requests</logger>
  <level>INFO</level>
  <class>TCP.TCPSunucu$Handler</class>
  <method>run</method>
  <thread>17</thread>
  <message>İstemcinin verisi: sec-ch-ua: "Not A(Brand";v="99", "Opera GX";v="107", "Chromium";v="121"</message>
</record>
<record>
  <date>2024-03-20T12:43:09.910699900Z</date>
  <millis>1710938589910</millis>
  <nanos>699900</nanos>
  <sequence>44</sequence>
  <logger>requests</logger>
  <level>INFO</level>
  <class>TCP.TCPSunucu$Handler</class>
  <method>run</method>
  <thread>17</thread>
  <message>İstemcinin verisi: sec-ch-ua-mobile: ?0</message>
</record>
<record>
  <date>2024-03-20T12:43:09.910699900Z</date>
  <millis>1710938589910</millis>
  <nanos>699900</nanos>
  <sequence>45</sequence>
  <logger>requests</logger>
  <level>INFO</level>
  <class>TCP.TCPSunucu$Handler</class>
  <method>run</method>
  <thread>17</thread>
  <message>İstemcinin verisi: sec-ch-ua-platform: "Windows"</message>
</record>
<record>
  <date>2024-03-20T12:43:09.911698600Z</date>
  <millis>1710938589911</millis>
  <nanos>698600</nanos>
  <sequence>46</sequence>
  <logger>requests</logger>
  <level>INFO</level>
  <class>TCP.TCPSunucu$Handler</class>
  <method>run</method>
  <thread>17</thread>
  <message>İstemcinin verisi: Upgrade-Insecure-Requests: 1</message>
</record>
<record>
  <date>2024-03-20T12:43:09.912706800Z</date>
  <millis>1710938589912</millis>
  <nanos>706800</nanos>
  <sequence>47</sequence>
  <logger>requests</logger>
  <level>INFO</level>
  <class>TCP.TCPSunucu$Handler</class>
  <method>run</method>
  <thread>17</thread>
  <message>İstemcinin verisi: User-Agent: Mozilla/5.0 (Windows NT 10.0; Win64; x64) AppleWebKit/537.36 (KHTML, like Gecko) Chrome/121.0.0.0 Safari/537.36 OPR/107.0.0.0</message>
</record>
<record>
  <date>2024-03-20T12:43:09.912706800Z</date>
  <millis>1710938589912</millis>
  <nanos>706800</nanos>
  <sequence>48</sequence>
  <logger>requests</logger>
  <level>INFO</level>
  <class>TCP.TCPSunucu$Handler</class>
  <method>run</method>
  <thread>17</thread>
  <message>İstemcinin verisi: Accept: text/html,application/xhtml+xml,application/xml;q=0.9,image/avif,image/webp,image/apng,*/*;q=0.8,application/signed-exchange;v=b3;q=0.7</message>
</record>
<record>
  <date>2024-03-20T12:43:09.913700200Z</date>
  <millis>1710938589913</millis>
  <nanos>700200</nanos>
  <sequence>49</sequence>
  <logger>requests</logger>
  <level>INFO</level>
  <class>TCP.TCPSunucu$Handler</class>
  <method>run</method>
  <thread>17</thread>
  <message>İstemcinin verisi: Sec-Fetch-Site: none</message>
</record>
<record>
  <date>2024-03-20T12:43:09.914700700Z</date>
  <millis>1710938589914</millis>
  <nanos>700700</nanos>
  <sequence>50</sequence>
  <logger>requests</logger>
  <level>INFO</level>
  <class>TCP.TCPSunucu$Handler</class>
  <method>run</method>
  <thread>17</thread>
  <message>İstemcinin verisi: Sec-Fetch-Mode: navigate</message>
</record>
<record>
  <date>2024-03-20T12:43:09.914700700Z</date>
  <millis>1710938589914</millis>
  <nanos>700700</nanos>
  <sequence>51</sequence>
  <logger>requests</logger>
  <level>INFO</level>
  <class>TCP.TCPSunucu$Handler</class>
  <method>run</method>
  <thread>17</thread>
  <message>İstemcinin verisi: Sec-Fetch-User: ?1</message>
</record>
<record>
  <date>2024-03-20T12:43:09.915700200Z</date>
  <millis>1710938589915</millis>
  <nanos>700200</nanos>
  <sequence>52</sequence>
  <logger>requests</logger>
  <level>INFO</level>
  <class>TCP.TCPSunucu$Handler</class>
  <method>run</method>
  <thread>17</thread>
  <message>İstemcinin verisi: Sec-Fetch-Dest: document</message>
</record>
<record>
  <date>2024-03-20T12:43:09.915700200Z</date>
  <millis>1710938589915</millis>
  <nanos>700200</nanos>
  <sequence>53</sequence>
  <logger>requests</logger>
  <level>INFO</level>
  <class>TCP.TCPSunucu$Handler</class>
  <method>run</method>
  <thread>17</thread>
  <message>İstemcinin verisi: Accept-Encoding: gzip, deflate, br</message>
</record>
<record>
  <date>2024-03-20T12:43:09.916701800Z</date>
  <millis>1710938589916</millis>
  <nanos>701800</nanos>
  <sequence>54</sequence>
  <logger>requests</logger>
  <level>INFO</level>
  <class>TCP.TCPSunucu$Handler</class>
  <method>run</method>
  <thread>17</thread>
  <message>İstemcinin verisi: Accept-Language: tr-TR,tr;q=0.9,en-US;q=0.8,en;q=0.7</message>
</record>
<record>
  <date>2024-03-20T12:43:09.917699700Z</date>
  <millis>1710938589917</millis>
  <nanos>699700</nanos>
  <sequence>55</sequence>
  <logger>requests</logger>
  <level>INFO</level>
  <class>TCP.TCPSunucu$Handler</class>
  <method>run</method>
  <thread>17</thread>
  <message>İstemcinin verisi: If-None-Match: W/"75d-QGYWl5lZcARQutpwu+d/Eb1+HNs"</message>
</record>
<record>
  <date>2024-03-20T12:43:09.917699700Z</date>
  <millis>1710938589917</millis>
  <nanos>699700</nanos>
  <sequence>56</sequence>
  <logger>requests</logger>
  <level>INFO</level>
  <class>TCP.TCPSunucu$Handler</class>
  <method>run</method>
  <thread>17</thread>
  <message>İstemcinin verisi: </message>
</record>
<record>
  <date>2024-03-20T12:43:57.704291Z</date>
  <millis>1710938637704</millis>
  <nanos>291000</nanos>
  <sequence>57</sequence>
  <logger>requests</logger>
  <level>INFO</level>
  <class>TCP.TCPSunucu$Handler</class>
  <method>run</method>
  <thread>19</thread>
  <message>İstemcinin verisi: null</message>
</record>
<record>
  <date>2024-03-20T13:08:31.136111100Z</date>
  <millis>1710940111136</millis>
  <nanos>111100</nanos>
  <sequence>58</sequence>
  <logger>requests</logger>
  <level>INFO</level>
  <class>TCP.TCPSunucu$Handler</class>
  <method>run</method>
  <thread>17</thread>
  <message>Baglantinin adresi /[0:0:0:0:0:0:0:1]:63086</message>
</record>
<record>
  <date>2024-03-20T13:09:41.953444100Z</date>
  <millis>1710940181953</millis>
  <nanos>444100</nanos>
  <sequence>59</sequence>
  <logger>requests</logger>
  <level>INFO</level>
  <class>TCP.TCPSunucu$Handler</class>
  <method>run</method>
  <thread>17</thread>
  <message>İstemcinin verisi: null</message>
</record>
<record>
  <date>2024-03-20T13:09:41.972573700Z</date>
  <millis>1710940181972</millis>
  <nanos>573700</nanos>
  <sequence>60</sequence>
  <logger>requests</logger>
  <level>INFO</level>
  <class>TCP.TCPSunucu$Handler</class>
  <method>run</method>
  <thread>22</thread>
  <message>Baglantinin adresi /[0:0:0:0:0:0:0:1]:63099</message>
</record>
<record>
  <date>2024-03-20T13:10:59.742956600Z</date>
  <millis>1710940259742</millis>
  <nanos>956600</nanos>
  <sequence>61</sequence>
  <logger>requests</logger>
  <level>INFO</level>
  <class>TCP.TCPSunucu$Handler</class>
  <method>run</method>
  <thread>22</thread>
  <message>İstemcinin verisi: null</message>
</record>
<record>
  <date>2024-03-20T13:10:59.757614700Z</date>
  <millis>1710940259757</millis>
  <nanos>614700</nanos>
  <sequence>62</sequence>
  <logger>requests</logger>
  <level>INFO</level>
  <class>TCP.TCPSunucu$Handler</class>
  <method>run</method>
  <thread>24</thread>
  <message>Baglantinin adresi /[0:0:0:0:0:0:0:1]:63103</message>
</record>
<record>
  <date>2024-03-20T13:12:51.541928700Z</date>
  <millis>1710940371541</millis>
  <nanos>928700</nanos>
  <sequence>63</sequence>
  <logger>requests</logger>
  <level>INFO</level>
  <class>TCP.TCPSunucu$Handler</class>
  <method>run</method>
  <thread>24</thread>
  <message>İstemcinin verisi: null</message>
</record>
<record>
  <date>2024-03-20T13:12:51.564896600Z</date>
  <millis>1710940371564</millis>
  <nanos>896600</nanos>
  <sequence>64</sequence>
  <logger>requests</logger>
  <level>INFO</level>
  <class>TCP.TCPSunucu$Handler</class>
  <method>run</method>
  <thread>26</thread>
  <message>Baglantinin adresi /[0:0:0:0:0:0:0:1]:63128</message>
</record>
<record>
  <date>2024-03-20T13:15:43.768372200Z</date>
  <millis>1710940543768</millis>
  <nanos>372200</nanos>
  <sequence>65</sequence>
  <logger>requests</logger>
  <level>INFO</level>
  <class>TCP.TCPSunucu$Handler</class>
  <method>run</method>
  <thread>26</thread>
  <message>İstemcinin verisi: null</message>
</record>
